{
  "version": "1.5.0",
  "plugins_used": [
    {
      "name": "ArtifactoryDetector"
    },
    {
      "name": "AWSKeyDetector"
    },
    {
      "name": "AzureStorageKeyDetector"
    },
    {
      "name": "Base64HighEntropyString",
      "limit": 4.5
    },
    {
      "name": "BasicAuthDetector"
    },
    {
      "name": "CloudantDetector"
    },
    {
      "name": "DiscordBotTokenDetector"
    },
    {
      "name": "GitHubTokenDetector"
    },
    {
      "name": "GitLabTokenDetector"
    },
    {
      "name": "HexHighEntropyString",
      "limit": 3.0
    },
    {
      "name": "IbmCloudIamDetector"
    },
    {
      "name": "IbmCosHmacDetector"
    },
    {
      "name": "IPPublicDetector"
    },
    {
      "name": "JwtTokenDetector"
    },
    {
      "name": "KeywordDetector",
      "keyword_exclude": ""
    },
    {
      "name": "MailchimpDetector"
    },
    {
      "name": "NpmDetector"
    },
    {
      "name": "OpenAIDetector"
    },
    {
      "name": "PrivateKeyDetector"
    },
    {
      "name": "PypiTokenDetector"
    },
    {
      "name": "SendGridDetector"
    },
    {
      "name": "SlackDetector"
    },
    {
      "name": "SoftlayerDetector"
    },
    {
      "name": "SquareOAuthDetector"
    },
    {
      "name": "StripeDetector"
    },
    {
      "name": "TelegramBotTokenDetector"
    },
    {
      "name": "TwilioKeyDetector"
    }
  ],
  "filters_used": [
    {
      "path": "detect_secrets.filters.allowlist.is_line_allowlisted"
    },
    {
      "path": "detect_secrets.filters.common.is_baseline_file",
      "filename": ".secrets.baseline"
    },
    {
      "path": "detect_secrets.filters.common.is_ignored_due_to_verification_policies",
      "min_level": 2
    },
    {
      "path": "detect_secrets.filters.heuristic.is_indirect_reference"
    },
    {
      "path": "detect_secrets.filters.heuristic.is_likely_id_string"
    },
    {
      "path": "detect_secrets.filters.heuristic.is_lock_file"
    },
    {
      "path": "detect_secrets.filters.heuristic.is_not_alphanumeric_string"
    },
    {
      "path": "detect_secrets.filters.heuristic.is_potential_uuid"
    },
    {
      "path": "detect_secrets.filters.heuristic.is_prefixed_with_dollar_sign"
    },
    {
      "path": "detect_secrets.filters.heuristic.is_sequential_string"
    },
    {
      "path": "detect_secrets.filters.heuristic.is_swagger_file"
    },
    {
      "path": "detect_secrets.filters.heuristic.is_templated_secret"
    }
  ],
  "results": {
    "cli/internal/agentauth/session.go": [
      {
        "type": "Secret Keyword",
        "filename": "cli/internal/agentauth/session.go",
        "hashed_secret": "fca71afec681b7c2932610046e8e524820317e47",
        "is_verified": false,
        "line_number": 65
      }
    ],
    "cli/internal/agentauth/session_test.go": [
      {
        "type": "Secret Keyword",
        "filename": "cli/internal/agentauth/session_test.go",
        "hashed_secret": "7f1d86b7e7048965fbae0f5548ba3e9e68eb3aa0",
        "is_verified": false,
        "line_number": 79
      }
    ],
    "cli/internal/cmd/admin_providers.go": [
      {
        "type": "Secret Keyword",
        "filename": "cli/internal/cmd/admin_providers.go",
        "hashed_secret": "e5e9fa1ba31ecd1ae84f75caaa474f3a663f05f4",
        "is_verified": false,
        "line_number": 136
      }
    ],
    "cli/internal/cmd/profile.go": [
      {
        "type": "Secret Keyword",
        "filename": "cli/internal/cmd/profile.go",
        "hashed_secret": "5ffe533b830f08a0326348a9160afafc8ada44db",
        "is_verified": false,
        "line_number": 233
      }
    ],
    "cli/internal/cmd/profile_key.go": [
      {
        "type": "Secret Keyword",
        "filename": "cli/internal/cmd/profile_key.go",
        "hashed_secret": "bd0cd33f183783219caf2c603df371572a72c764",
        "is_verified": false,
        "line_number": 19
      }
    ],
    "cli/internal/install/render_test.go": [
      {
        "type": "Secret Keyword",
        "filename": "cli/internal/install/render_test.go",
        "hashed_secret": "5530a000e0696af2f05defa12f45933c43252268",
        "is_verified": false,
        "line_number": 120
      }
    ],
    "cli/internal/profile/store.go": [
      {
        "type": "Secret Keyword",
        "filename": "cli/internal/profile/store.go",
        "hashed_secret": "d4c3d66fd0c38547a3c7a4c6bdc29c36911bc030",
        "is_verified": false,
        "line_number": 24
      },
      {
        "type": "Secret Keyword",
        "filename": "cli/internal/profile/store.go",
        "hashed_secret": "665b1e3851eefefa3fb878654292f16597d25155",
        "is_verified": false,
        "line_number": 35
      }
    ],
    "config/local.yaml": [
      {
        "type": "Secret Keyword",
        "filename": "config/local.yaml",
        "hashed_secret": "f4bc54cbb2c9169457a70771dcdcf8e75aa816a9",
        "is_verified": false,
        "line_number": 12
      },
      {
        "type": "Secret Keyword",
        "filename": "config/local.yaml",
        "hashed_secret": "ffdbf67b6ec4759c53887c56108efe2ebe67b7bd",
        "is_verified": false,
        "line_number": 19
      },
      {
        "type": "Secret Keyword",
        "filename": "config/local.yaml",
        "hashed_secret": "99075eb0baa8cfda1cae029da06b57b93cc13a31",
        "is_verified": false,
        "line_number": 26
      }
    ],
    "deploy/helm/jentic-one/values.yaml": [
      {
        "type": "Secret Keyword",
        "filename": "deploy/helm/jentic-one/values.yaml",
        "hashed_secret": "f4bc54cbb2c9169457a70771dcdcf8e75aa816a9",
        "is_verified": false,
        "line_number": 131
      },
      {
        "type": "Secret Keyword",
        "filename": "deploy/helm/jentic-one/values.yaml",
        "hashed_secret": "ffdbf67b6ec4759c53887c56108efe2ebe67b7bd",
        "is_verified": false,
        "line_number": 138
      },
      {
        "type": "Secret Keyword",
        "filename": "deploy/helm/jentic-one/values.yaml",
        "hashed_secret": "99075eb0baa8cfda1cae029da06b57b93cc13a31",
        "is_verified": false,
        "line_number": 145
      },
      {
        "type": "Secret Keyword",
        "filename": "deploy/helm/jentic-one/values.yaml",
        "hashed_secret": "afc848c316af1a89d49826c5ae9d00ed769415f3",
        "is_verified": false,
        "line_number": 161
      }
    ],
    "deploy/helm/observability/values.yaml": [
      {
        "type": "Secret Keyword",
        "filename": "deploy/helm/observability/values.yaml",
        "hashed_secret": "d033e22ae348aeb5660fc2140aec35850c4da997",
        "is_verified": false,
        "line_number": 13
      }
    ],
    "deploy/helm/values/local-broker.yaml": [
      {
        "type": "Secret Keyword",
        "filename": "deploy/helm/values/local-broker.yaml",
        "hashed_secret": "afc848c316af1a89d49826c5ae9d00ed769415f3",
        "is_verified": false,
        "line_number": 35
      }
    ],
    "deploy/helm/values/local-combined.yaml": [
      {
        "type": "Secret Keyword",
        "filename": "deploy/helm/values/local-combined.yaml",
        "hashed_secret": "afc848c316af1a89d49826c5ae9d00ed769415f3",
        "is_verified": false,
        "line_number": 75
      }
    ],
    "deploy/helm/values/local-parts.yaml": [
      {
        "type": "Secret Keyword",
        "filename": "deploy/helm/values/local-parts.yaml",
        "hashed_secret": "afc848c316af1a89d49826c5ae9d00ed769415f3",
        "is_verified": false,
        "line_number": 56
      }
    ],
    "docker/local-setup/docker-compose.yaml": [
      {
        "type": "Secret Keyword",
        "filename": "docker/local-setup/docker-compose.yaml",
        "hashed_secret": "afc848c316af1a89d49826c5ae9d00ed769415f3",
        "is_verified": false,
        "line_number": 7
      }
    ],
    "docker/local-setup/init-schemas.sql": [
      {
        "type": "Secret Keyword",
        "filename": "docker/local-setup/init-schemas.sql",
        "hashed_secret": "f4bc54cbb2c9169457a70771dcdcf8e75aa816a9",
        "is_verified": false,
        "line_number": 11
      },
      {
        "type": "Secret Keyword",
        "filename": "docker/local-setup/init-schemas.sql",
        "hashed_secret": "ffdbf67b6ec4759c53887c56108efe2ebe67b7bd",
        "is_verified": false,
        "line_number": 12
      },
      {
        "type": "Secret Keyword",
        "filename": "docker/local-setup/init-schemas.sql",
        "hashed_secret": "99075eb0baa8cfda1cae029da06b57b93cc13a31",
        "is_verified": false,
        "line_number": 13
      }
    ],
    "openapi/control/control.openapi.yaml": [
      {
        "type": "Secret Keyword",
        "filename": "openapi/control/control.openapi.yaml",
        "hashed_secret": "2c4ea53d93a5d7661383e1c667d72270f9bf2fb6",
        "is_verified": false,
        "line_number": 15827
      }
    ],
    "src/jentic_one/auth/services/crypto.py": [
      {
        "type": "Secret Keyword",
        "filename": "src/jentic_one/auth/services/crypto.py",
        "hashed_secret": "553cdc5a516581163676191d9be38662a715c90e",
        "is_verified": false,
        "line_number": 8
      },
      {
        "type": "Secret Keyword",
        "filename": "src/jentic_one/auth/services/crypto.py",
        "hashed_secret": "bd0cd33f183783219caf2c603df371572a72c764",
        "is_verified": false,
        "line_number": 9
      },
      {
        "type": "Secret Keyword",
        "filename": "src/jentic_one/auth/services/crypto.py",
        "hashed_secret": "b64f1a38f6a8ec73c6df613faef91e4dda96a528",
        "is_verified": false,
        "line_number": 10
      }
    ],
    "src/jentic_one/migrations/admin/versions/24852503fc19_add_agent_credentials.py": [
      {
        "type": "Hex High Entropy String",
        "filename": "src/jentic_one/migrations/admin/versions/24852503fc19_add_agent_credentials.py",
        "hashed_secret": "b79fc3a6f26e3d7695a53470ef1a2b67499ef771",
        "is_verified": false,
        "line_number": 17
      }
    ],
    "src/jentic_one/migrations/admin/versions/5c42e921d74b_add_jobs_table.py": [
      {
        "type": "Hex High Entropy String",
        "filename": "src/jentic_one/migrations/admin/versions/5c42e921d74b_add_jobs_table.py",
        "hashed_secret": "c248e696f3330c02d5130beb067ab9efef4c1d2b",
        "is_verified": false,
        "line_number": 16
      }
    ],
    "src/jentic_one/migrations/admin/versions/a1b2c3d4e5f6_add_audit_entries_table.py": [
      {
        "type": "Hex High Entropy String",
        "filename": "src/jentic_one/migrations/admin/versions/a1b2c3d4e5f6_add_audit_entries_table.py",
        "hashed_secret": "ef678205593788329ff416ce5c65fa04f33a05bd",
        "is_verified": false,
        "line_number": 16
      },
      {
        "type": "Hex High Entropy String",
        "filename": "src/jentic_one/migrations/admin/versions/a1b2c3d4e5f6_add_audit_entries_table.py",
        "hashed_secret": "c248e696f3330c02d5130beb067ab9efef4c1d2b",
        "is_verified": false,
        "line_number": 17
      }
    ],
    "src/jentic_one/migrations/admin/versions/a6b7c8d9e0f1_reconcile_jobs_add_job_results.py": [
      {
        "type": "Hex High Entropy String",
        "filename": "src/jentic_one/migrations/admin/versions/a6b7c8d9e0f1_reconcile_jobs_add_job_results.py",
        "hashed_secret": "2c1ebf1c053885e7a9120a4568fe1d0fc1410d10",
        "is_verified": false,
        "line_number": 16
      },
      {
        "type": "Hex High Entropy String",
        "filename": "src/jentic_one/migrations/admin/versions/a6b7c8d9e0f1_reconcile_jobs_add_job_results.py",
        "hashed_secret": "f5c78c30b92e06ec4a59cb0e653225254bbd5ece",
        "is_verified": false,
        "line_number": 17
      }
    ],
    "src/jentic_one/migrations/admin/versions/b1c2d3e4f5a6_align_shared_enums.py": [
      {
        "type": "Hex High Entropy String",
        "filename": "src/jentic_one/migrations/admin/versions/b1c2d3e4f5a6_align_shared_enums.py",
        "hashed_secret": "67e71f59c479818d8d271427edeaee49eae77ffe",
        "is_verified": false,
        "line_number": 14
      },
      {
        "type": "Hex High Entropy String",
        "filename": "src/jentic_one/migrations/admin/versions/b1c2d3e4f5a6_align_shared_enums.py",
        "hashed_secret": "ef678205593788329ff416ce5c65fa04f33a05bd",
        "is_verified": false,
        "line_number": 15
      }
    ],
    "src/jentic_one/migrations/admin/versions/c2d3e4f5a6b7_add_users_secrets_invites.py": [
      {
        "type": "Hex High Entropy String",
        "filename": "src/jentic_one/migrations/admin/versions/c2d3e4f5a6b7_add_users_secrets_invites.py",
        "hashed_secret": "a25d3ab3a62142e06a5940fb9eac04c77bec7919",
        "is_verified": false,
        "line_number": 14
      },
      {
        "type": "Hex High Entropy String",
        "filename": "src/jentic_one/migrations/admin/versions/c2d3e4f5a6b7_add_users_secrets_invites.py",
        "hashed_secret": "67e71f59c479818d8d271427edeaee49eae77ffe",
        "is_verified": false,
        "line_number": 15
      }
    ],
    "src/jentic_one/migrations/admin/versions/d3e4f5a6b7c8_add_user_permission_grants.py": [
      {
        "type": "Hex High Entropy String",
        "filename": "src/jentic_one/migrations/admin/versions/d3e4f5a6b7c8_add_user_permission_grants.py",
        "hashed_secret": "dcef2ed5c987677807031f50f5b15aee0527dfd3",
        "is_verified": false,
        "line_number": 14
      },
      {
        "type": "Hex High Entropy String",
        "filename": "src/jentic_one/migrations/admin/versions/d3e4f5a6b7c8_add_user_permission_grants.py",
        "hashed_secret": "a25d3ab3a62142e06a5940fb9eac04c77bec7919",
        "is_verified": false,
        "line_number": 15
      }
    ],
    "src/jentic_one/migrations/admin/versions/e4f5a6b7c8d9_add_execution_records.py": [
      {
        "type": "Hex High Entropy String",
        "filename": "src/jentic_one/migrations/admin/versions/e4f5a6b7c8d9_add_execution_records.py",
        "hashed_secret": "352ca37d32189c412e3b8da658f206cbc086c427",
        "is_verified": false,
        "line_number": 16
      },
      {
        "type": "Hex High Entropy String",
        "filename": "src/jentic_one/migrations/admin/versions/e4f5a6b7c8d9_add_execution_records.py",
        "hashed_secret": "dcef2ed5c987677807031f50f5b15aee0527dfd3",
        "is_verified": false,
        "line_number": 17
      }
    ],
    "src/jentic_one/migrations/admin/versions/f5a6b7c8d9e0_add_events.py": [
      {
        "type": "Hex High Entropy String",
        "filename": "src/jentic_one/migrations/admin/versions/f5a6b7c8d9e0_add_events.py",
        "hashed_secret": "f5c78c30b92e06ec4a59cb0e653225254bbd5ece",
        "is_verified": false,
        "line_number": 16
      },
      {
        "type": "Hex High Entropy String",
        "filename": "src/jentic_one/migrations/admin/versions/f5a6b7c8d9e0_add_events.py",
        "hashed_secret": "352ca37d32189c412e3b8da658f206cbc086c427",
        "is_verified": false,
        "line_number": 17
      }
    ],
    "src/jentic_one/migrations/admin/versions/g6h7i8j9k0l1_add_content_type_to_job_results.py": [
      {
        "type": "Hex High Entropy String",
        "filename": "src/jentic_one/migrations/admin/versions/g6h7i8j9k0l1_add_content_type_to_job_results.py",
        "hashed_secret": "2c1ebf1c053885e7a9120a4568fe1d0fc1410d10",
        "is_verified": false,
        "line_number": 15
      }
    ],
    "src/jentic_one/migrations/control/versions/a1b2c3d4e5f6_add_provider_columns_to_credentials.py": [
      {
        "type": "Hex High Entropy String",
        "filename": "src/jentic_one/migrations/control/versions/a1b2c3d4e5f6_add_provider_columns_to_credentials.py",
        "hashed_secret": "ef678205593788329ff416ce5c65fa04f33a05bd",
        "is_verified": false,
        "line_number": 14
      },
      {
        "type": "Hex High Entropy String",
        "filename": "src/jentic_one/migrations/control/versions/a1b2c3d4e5f6_add_provider_columns_to_credentials.py",
        "hashed_secret": "0c7f948399177c197feecedf6b2fcd1122317331",
        "is_verified": false,
        "line_number": 15
      }
    ],
    "src/jentic_one/migrations/control/versions/a2b3c4d5e6f7_add_access_request_tables.py": [
      {
        "type": "Hex High Entropy String",
        "filename": "src/jentic_one/migrations/control/versions/a2b3c4d5e6f7_add_access_request_tables.py",
        "hashed_secret": "9613249fb063050a0474a5805cb101e071431641",
        "is_verified": false,
        "line_number": 14
      },
      {
        "type": "Hex High Entropy String",
        "filename": "src/jentic_one/migrations/control/versions/a2b3c4d5e6f7_add_access_request_tables.py",
        "hashed_secret": "114ce0187cbf757a4a9912a4200b4d2c7d6c1d69",
        "is_verified": false,
        "line_number": 15
      }
    ],
    "src/jentic_one/migrations/control/versions/a8b9c0d1e2f3_make_created_by_nullable.py": [
      {
        "type": "Hex High Entropy String",
        "filename": "src/jentic_one/migrations/control/versions/a8b9c0d1e2f3_make_created_by_nullable.py",
        "hashed_secret": "114ce0187cbf757a4a9912a4200b4d2c7d6c1d69",
        "is_verified": false,
        "line_number": 18
      },
      {
        "type": "Hex High Entropy String",
        "filename": "src/jentic_one/migrations/control/versions/a8b9c0d1e2f3_make_created_by_nullable.py",
        "hashed_secret": "40bd65fc091a4c7bda4c08f08fab76c42ddfcab9",
        "is_verified": false,
        "line_number": 19
      }
    ],
    "src/jentic_one/migrations/control/versions/b2c3d4e5f6a7_add_credential_previews.py": [
      {
        "type": "Hex High Entropy String",
        "filename": "src/jentic_one/migrations/control/versions/b2c3d4e5f6a7_add_credential_previews.py",
        "hashed_secret": "7277847a690bab70c1fbc5ab8eddbbcecdad996c",
        "is_verified": false,
        "line_number": 14
      },
      {
        "type": "Hex High Entropy String",
        "filename": "src/jentic_one/migrations/control/versions/b2c3d4e5f6a7_add_credential_previews.py",
        "hashed_secret": "ef678205593788329ff416ce5c65fa04f33a05bd",
        "is_verified": false,
        "line_number": 15
      }
    ],
    "src/jentic_one/migrations/control/versions/c3d4e5f6a7b8_add_authorize_url_to_oauth_client_credentials.py": [
      {
        "type": "Hex High Entropy String",
        "filename": "src/jentic_one/migrations/control/versions/c3d4e5f6a7b8_add_authorize_url_to_oauth_client_credentials.py",
        "hashed_secret": "5f54b82127fdf5d4704c3fa47ea6efb79f16f243",
        "is_verified": false,
        "line_number": 14
      },
      {
        "type": "Hex High Entropy String",
        "filename": "src/jentic_one/migrations/control/versions/c3d4e5f6a7b8_add_authorize_url_to_oauth_client_credentials.py",
        "hashed_secret": "7277847a690bab70c1fbc5ab8eddbbcecdad996c",
        "is_verified": false,
        "line_number": 15
      }
    ],
    "src/jentic_one/migrations/control/versions/d4e5f6a7b8c9_add_connect_state_nonces_table.py": [
      {
        "type": "Hex High Entropy String",
        "filename": "src/jentic_one/migrations/control/versions/d4e5f6a7b8c9_add_connect_state_nonces_table.py",
        "hashed_secret": "9d7711abfa1f07e829f8ffd195f6679b8327ecf7",
        "is_verified": false,
        "line_number": 14
      },
      {
        "type": "Hex High Entropy String",
        "filename": "src/jentic_one/migrations/control/versions/d4e5f6a7b8c9_add_connect_state_nonces_table.py",
        "hashed_secret": "5f54b82127fdf5d4704c3fa47ea6efb79f16f243",
        "is_verified": false,
        "line_number": 15
      }
    ],
    "src/jentic_one/migrations/control/versions/e5f6a7b8c9d0_add_location_field_name_to_customer_api_keys.py": [
      {
        "type": "Hex High Entropy String",
        "filename": "src/jentic_one/migrations/control/versions/e5f6a7b8c9d0_add_location_field_name_to_customer_api_keys.py",
        "hashed_secret": "5b8b7a611fb4d5665c9e428bee5e92a383344fd4",
        "is_verified": false,
        "line_number": 14
      },
      {
        "type": "Hex High Entropy String",
        "filename": "src/jentic_one/migrations/control/versions/e5f6a7b8c9d0_add_location_field_name_to_customer_api_keys.py",
        "hashed_secret": "9d7711abfa1f07e829f8ffd195f6679b8327ecf7",
        "is_verified": false,
        "line_number": 15
      }
    ],
    "src/jentic_one/migrations/control/versions/f7a8b9c0d1e2_add_toolkit_tables.py": [
      {
        "type": "Hex High Entropy String",
        "filename": "src/jentic_one/migrations/control/versions/f7a8b9c0d1e2_add_toolkit_tables.py",
        "hashed_secret": "40bd65fc091a4c7bda4c08f08fab76c42ddfcab9",
        "is_verified": false,
        "line_number": 14
      },
      {
        "type": "Hex High Entropy String",
        "filename": "src/jentic_one/migrations/control/versions/f7a8b9c0d1e2_add_toolkit_tables.py",
        "hashed_secret": "5b8b7a611fb4d5665c9e428bee5e92a383344fd4",
        "is_verified": false,
        "line_number": 15
      }
    ],
    "src/jentic_one/migrations/control/versions/g8b9c0d1e2f3_add_server_variables_to_credentials.py": [
      {
        "type": "Hex High Entropy String",
        "filename": "src/jentic_one/migrations/control/versions/g8b9c0d1e2f3_add_server_variables_to_credentials.py",
        "hashed_secret": "9613249fb063050a0474a5805cb101e071431641",
        "is_verified": false,
        "line_number": 15
      }
    ],
    "src/jentic_one/migrations/registry/versions/a0b1c2d3e4f5_change_overlays_id_to_ksuid.py": [
      {
        "type": "Hex High Entropy String",
        "filename": "src/jentic_one/migrations/registry/versions/a0b1c2d3e4f5_change_overlays_id_to_ksuid.py",
        "hashed_secret": "53034143501b2edbc54146ea08e236a9c6898855",
        "is_verified": false,
        "line_number": 16
      },
      {
        "type": "Hex High Entropy String",
        "filename": "src/jentic_one/migrations/registry/versions/a0b1c2d3e4f5_change_overlays_id_to_ksuid.py",
        "hashed_secret": "81b9ca8522e88e586b5db203d3135d5e5a1e6e4d",
        "is_verified": false,
        "line_number": 17
      }
    ],
    "src/jentic_one/migrations/registry/versions/a1b2c3d4e5f6_add_registry_tables.py": [
      {
        "type": "Hex High Entropy String",
        "filename": "src/jentic_one/migrations/registry/versions/a1b2c3d4e5f6_add_registry_tables.py",
        "hashed_secret": "ef678205593788329ff416ce5c65fa04f33a05bd",
        "is_verified": false,
        "line_number": 16
      }
    ],
    "src/jentic_one/migrations/registry/versions/a1b2c3d4e5f7_add_imported_state_and_origin.py": [
      {
        "type": "Hex High Entropy String",
        "filename": "src/jentic_one/migrations/registry/versions/a1b2c3d4e5f7_add_imported_state_and_origin.py",
        "hashed_secret": "ca9fdd2f6c947ef15fe6c6e0bb3b1623d41c066a",
        "is_verified": false,
        "line_number": 14
      },
      {
        "type": "Hex High Entropy String",
        "filename": "src/jentic_one/migrations/registry/versions/a1b2c3d4e5f7_add_imported_state_and_origin.py",
        "hashed_secret": "67e71f59c479818d8d271427edeaee49eae77ffe",
        "is_verified": false,
        "line_number": 15
      }
    ],
    "src/jentic_one/migrations/registry/versions/b0c1d2e3f4a5_add_notes_table.py": [
      {
        "type": "Hex High Entropy String",
        "filename": "src/jentic_one/migrations/registry/versions/b0c1d2e3f4a5_add_notes_table.py",
        "hashed_secret": "e2d724c4d0b0363207be5b4b03c33a481bec6c12",
        "is_verified": false,
        "line_number": 16
      },
      {
        "type": "Hex High Entropy String",
        "filename": "src/jentic_one/migrations/registry/versions/b0c1d2e3f4a5_add_notes_table.py",
        "hashed_secret": "53034143501b2edbc54146ea08e236a9c6898855",
        "is_verified": false,
        "line_number": 17
      }
    ],
    "src/jentic_one/migrations/registry/versions/b1c2d3e4f5a6_add_revisions_source_url_state_index.py": [
      {
        "type": "Hex High Entropy String",
        "filename": "src/jentic_one/migrations/registry/versions/b1c2d3e4f5a6_add_revisions_source_url_state_index.py",
        "hashed_secret": "67e71f59c479818d8d271427edeaee49eae77ffe",
        "is_verified": false,
        "line_number": 13
      },
      {
        "type": "Hex High Entropy String",
        "filename": "src/jentic_one/migrations/registry/versions/b1c2d3e4f5a6_add_revisions_source_url_state_index.py",
        "hashed_secret": "798f15d7097473291bfe213f0b07b3adde1730ce",
        "is_verified": false,
        "line_number": 14
      }
    ],
    "src/jentic_one/migrations/registry/versions/b2c3d4e5f6a7_add_search_embeddings.py": [
      {
        "type": "Hex High Entropy String",
        "filename": "src/jentic_one/migrations/registry/versions/b2c3d4e5f6a7_add_search_embeddings.py",
        "hashed_secret": "7277847a690bab70c1fbc5ab8eddbbcecdad996c",
        "is_verified": false,
        "line_number": 21
      },
      {
        "type": "Hex High Entropy String",
        "filename": "src/jentic_one/migrations/registry/versions/b2c3d4e5f6a7_add_search_embeddings.py",
        "hashed_secret": "ef678205593788329ff416ce5c65fa04f33a05bd",
        "is_verified": false,
        "line_number": 22
      }
    ],
    "src/jentic_one/migrations/registry/versions/c1d2e3f4a5b6_make_created_by_nullable.py": [
      {
        "type": "Hex High Entropy String",
        "filename": "src/jentic_one/migrations/registry/versions/c1d2e3f4a5b6_make_created_by_nullable.py",
        "hashed_secret": "6fc795a0feeba47c97070007c9b9f053ec490c2b",
        "is_verified": false,
        "line_number": 18
      },
      {
        "type": "Hex High Entropy String",
        "filename": "src/jentic_one/migrations/registry/versions/c1d2e3f4a5b6_make_created_by_nullable.py",
        "hashed_secret": "e2d724c4d0b0363207be5b4b03c33a481bec6c12",
        "is_verified": false,
        "line_number": 19
      }
    ],
    "src/jentic_one/migrations/registry/versions/c3d4e5f6a7b8_add_apis_created_at_id_index.py": [
      {
        "type": "Hex High Entropy String",
        "filename": "src/jentic_one/migrations/registry/versions/c3d4e5f6a7b8_add_apis_created_at_id_index.py",
        "hashed_secret": "5f54b82127fdf5d4704c3fa47ea6efb79f16f243",
        "is_verified": false,
        "line_number": 13
      },
      {
        "type": "Hex High Entropy String",
        "filename": "src/jentic_one/migrations/registry/versions/c3d4e5f6a7b8_add_apis_created_at_id_index.py",
        "hashed_secret": "7277847a690bab70c1fbc5ab8eddbbcecdad996c",
        "is_verified": false,
        "line_number": 14
      }
    ],
    "src/jentic_one/migrations/registry/versions/d4e5f6a7b8c9_add_revision_pagination_index.py": [
      {
        "type": "Hex High Entropy String",
        "filename": "src/jentic_one/migrations/registry/versions/d4e5f6a7b8c9_add_revision_pagination_index.py",
        "hashed_secret": "9d7711abfa1f07e829f8ffd195f6679b8327ecf7",
        "is_verified": false,
        "line_number": 14
      },
      {
        "type": "Hex High Entropy String",
        "filename": "src/jentic_one/migrations/registry/versions/d4e5f6a7b8c9_add_revision_pagination_index.py",
        "hashed_secret": "5f54b82127fdf5d4704c3fa47ea6efb79f16f243",
        "is_verified": false,
        "line_number": 15
      }
    ],
    "src/jentic_one/migrations/registry/versions/e5f6a7b8c9d0_add_operations_pagination_index.py": [
      {
        "type": "Hex High Entropy String",
        "filename": "src/jentic_one/migrations/registry/versions/e5f6a7b8c9d0_add_operations_pagination_index.py",
        "hashed_secret": "5b8b7a611fb4d5665c9e428bee5e92a383344fd4",
        "is_verified": false,
        "line_number": 13
      },
      {
        "type": "Hex High Entropy String",
        "filename": "src/jentic_one/migrations/registry/versions/e5f6a7b8c9d0_add_operations_pagination_index.py",
        "hashed_secret": "9d7711abfa1f07e829f8ffd195f6679b8327ecf7",
        "is_verified": false,
        "line_number": 14
      }
    ],
    "src/jentic_one/migrations/registry/versions/f6a7b8c9d0e1_add_overlays_table.py": [
      {
        "type": "Hex High Entropy String",
        "filename": "src/jentic_one/migrations/registry/versions/f6a7b8c9d0e1_add_overlays_table.py",
        "hashed_secret": "81b9ca8522e88e586b5db203d3135d5e5a1e6e4d",
        "is_verified": false,
        "line_number": 16
      },
      {
        "type": "Hex High Entropy String",
        "filename": "src/jentic_one/migrations/registry/versions/f6a7b8c9d0e1_add_overlays_table.py",
        "hashed_secret": "5b8b7a611fb4d5665c9e428bee5e92a383344fd4",
        "is_verified": false,
        "line_number": 17
      }
    ],
    "src/jentic_one/shared/auth/api_key_resolver.py": [
      {
        "type": "Secret Keyword",
        "filename": "src/jentic_one/shared/auth/api_key_resolver.py",
        "hashed_secret": "bd0cd33f183783219caf2c603df371572a72c764",
        "is_verified": false,
        "line_number": 13
      },
      {
        "type": "Secret Keyword",
        "filename": "src/jentic_one/shared/auth/api_key_resolver.py",
        "hashed_secret": "b64f1a38f6a8ec73c6df613faef91e4dda96a528",
        "is_verified": false,
        "line_number": 14
      }
    ],
    "src/jentic_one/shared/models/audit.py": [
      {
        "type": "Secret Keyword",
        "filename": "src/jentic_one/shared/models/audit.py",
        "hashed_secret": "e6e95e8f237bacc73f0a8b38ec386e0394087783",
        "is_verified": false,
        "line_number": 34
      },
      {
        "type": "Secret Keyword",
        "filename": "src/jentic_one/shared/models/audit.py",
        "hashed_secret": "5227a37d3bf602e316b4ee2903749ace643ec023",
        "is_verified": false,
        "line_number": 35
      },
      {
        "type": "Secret Keyword",
        "filename": "src/jentic_one/shared/models/audit.py",
        "hashed_secret": "80691277888b561100aa8d519996984a47ac2c0f",
        "is_verified": false,
        "line_number": 36
      }
    ],
    "src/jentic_one/shared/models/credentials.py": [
      {
        "type": "Secret Keyword",
        "filename": "src/jentic_one/shared/models/credentials.py",
        "hashed_secret": "159500287c06851df741128ec4b073ea394414b6",
        "is_verified": false,
        "line_number": 9
      },
      {
        "type": "Secret Keyword",
        "filename": "src/jentic_one/shared/models/credentials.py",
        "hashed_secret": "665b1e3851eefefa3fb878654292f16597d25155",
        "is_verified": false,
        "line_number": 23
      }
    ],
    "src/jentic_one/shared/web/auth.py": [
      {
        "type": "Secret Keyword",
        "filename": "src/jentic_one/shared/web/auth.py",
        "hashed_secret": "5b15c6b8be2934135be15967c397d234f91a6100",
        "is_verified": false,
        "line_number": 8
      }
    ],
    "tests/integration/admin/services/test_auth_service.py": [
      {
        "type": "Secret Keyword",
        "filename": "tests/integration/admin/services/test_auth_service.py",
        "hashed_secret": "8f496788bffe8b052feeb2c64bbf8e38bdaec69b",
        "is_verified": false,
        "line_number": 91
      },
      {
        "type": "Secret Keyword",
        "filename": "tests/integration/admin/services/test_auth_service.py",
        "hashed_secret": "6809ffccad03b80fa1fbc32c17e7e054805ec30b",
        "is_verified": false,
        "line_number": 103
      },
      {
        "type": "Secret Keyword",
        "filename": "tests/integration/admin/services/test_auth_service.py",
        "hashed_secret": "c5fe0200d1c7a5139bd18fd22268c4ca8bf45e90",
        "is_verified": false,
        "line_number": 109
      },
      {
        "type": "Secret Keyword",
        "filename": "tests/integration/admin/services/test_auth_service.py",
        "hashed_secret": "25ee155182070e75cdf5ae0d9cbc8452b4d06e2b",
        "is_verified": false,
        "line_number": 134
      },
      {
        "type": "Secret Keyword",
        "filename": "tests/integration/admin/services/test_auth_service.py",
        "hashed_secret": "4725ddefb004038eecf3c65850792ca9d404c447",
        "is_verified": false,
        "line_number": 179
      },
      {
        "type": "Secret Keyword",
        "filename": "tests/integration/admin/services/test_auth_service.py",
        "hashed_secret": "a4b48a81cdab1e1a5dd37907d6c85ca1c61ddc7c",
        "is_verified": false,
        "line_number": 197
      }
    ],
    "tests/integration/admin/test_user_lifecycle.py": [
      {
        "type": "Secret Keyword",
        "filename": "tests/integration/admin/test_user_lifecycle.py",
        "hashed_secret": "905d125d12295c57e4de6eef7dda19f79557527d",
        "is_verified": false,
        "line_number": 90
      },
      {
        "type": "Secret Keyword",
        "filename": "tests/integration/admin/test_user_lifecycle.py",
        "hashed_secret": "02357b718f372c6df6056d86564e1e9adb99f77d",
        "is_verified": false,
        "line_number": 104
      }
    ],
    "tests/integration/admin/test_user_secret_repository.py": [
      {
        "type": "Secret Keyword",
        "filename": "tests/integration/admin/test_user_secret_repository.py",
        "hashed_secret": "8911a1ef22f1dfd8cd71925c676afa4fb2959a12",
        "is_verified": false,
        "line_number": 52
      }
    ],
    "tests/integration/conftest.py": [
      {
        "type": "Secret Keyword",
        "filename": "tests/integration/conftest.py",
        "hashed_secret": "f4bc54cbb2c9169457a70771dcdcf8e75aa816a9",
        "is_verified": false,
        "line_number": 55
      },
      {
        "type": "Secret Keyword",
        "filename": "tests/integration/conftest.py",
        "hashed_secret": "99075eb0baa8cfda1cae029da06b57b93cc13a31",
        "is_verified": false,
        "line_number": 64
      },
      {
        "type": "Secret Keyword",
        "filename": "tests/integration/conftest.py",
        "hashed_secret": "ffdbf67b6ec4759c53887c56108efe2ebe67b7bd",
        "is_verified": false,
        "line_number": 73
      }
    ],
    "tests/integration/control/test_credential_model.py": [
      {
        "type": "Secret Keyword",
        "filename": "tests/integration/control/test_credential_model.py",
        "hashed_secret": "e3de258032685ca3a157e704090921039ff7f0b3",
        "is_verified": false,
        "line_number": 130
      },
      {
        "type": "Secret Keyword",
        "filename": "tests/integration/control/test_credential_model.py",
        "hashed_secret": "8e124c4ac01fda228c80dd1db70716d19c87ee50",
        "is_verified": false,
        "line_number": 160
      },
      {
        "type": "Secret Keyword",
        "filename": "tests/integration/control/test_credential_model.py",
        "hashed_secret": "6e73fa93ee259385110c7917cfa477044cbb5dd3",
        "is_verified": false,
        "line_number": 198
      }
    ],
    "tests/integration/control/test_credential_service.py": [
      {
        "type": "Secret Keyword",
        "filename": "tests/integration/control/test_credential_service.py",
        "hashed_secret": "10797dadcfe91a7717765eb4de5d72523c07c57b",
        "is_verified": false,
        "line_number": 153
      },
      {
        "type": "Secret Keyword",
        "filename": "tests/integration/control/test_credential_service.py",
        "hashed_secret": "089f2d7c3e3bc715036946840246d11af28635ff",
        "is_verified": false,
        "line_number": 176
      }
    ],
    "tests/integration/registry/core/schema/test_spec_files.py": [
      {
        "type": "Hex High Entropy String",
        "filename": "tests/integration/registry/core/schema/test_spec_files.py",
        "hashed_secret": "e4f91dd323bac5bfc4f60a6e433787671dc2421d",
        "is_verified": false,
        "line_number": 38
      }
    ],
    "tests/integration/registry/ingest/test_ingestor_openapi.py": [
      {
        "type": "Hex High Entropy String",
        "filename": "tests/integration/registry/ingest/test_ingestor_openapi.py",
        "hashed_secret": "90bd1b48e958257948487b90bee080ba5ed00caa",
        "is_verified": false,
        "line_number": 68
      }
    ],
    "tests/integration/shared/auth/test_verify.py": [
      {
        "type": "Secret Keyword",
        "filename": "tests/integration/shared/auth/test_verify.py",
        "hashed_secret": "fe1bae27cb7c1fb823f496f286e78f1d2ae87734",
        "is_verified": false,
        "line_number": 21
      }
    ],
    "tests/integration/test_context_lifecycle.py": [
      {
        "type": "Secret Keyword",
        "filename": "tests/integration/test_context_lifecycle.py",
        "hashed_secret": "a00c31676f3a1e78fd3f2e33bbe38940c2ce61c9",
        "is_verified": false,
        "line_number": 46
      }
    ],
    "tests/smoke/conftest.py": [
      {
        "type": "Secret Keyword",
        "filename": "tests/smoke/conftest.py",
        "hashed_secret": "1058fcce2f63360c06c8e64ad6b8d8299344141b",
        "is_verified": false,
        "line_number": 125
      },
      {
        "type": "Secret Keyword",
        "filename": "tests/smoke/conftest.py",
        "hashed_secret": "d91967648bb707daf0514683f28b78717469dbad",
        "is_verified": false,
        "line_number": 207
      }
    ],
    "tests/smoke/test_permissions.py": [
      {
        "type": "Secret Keyword",
        "filename": "tests/smoke/test_permissions.py",
        "hashed_secret": "fa445bde1af31cb1ccfee3f1c06cceb903930420",
        "is_verified": false,
        "line_number": 28
      }
    ],
    "tests/smoke/test_user_lifecycle.py": [
      {
        "type": "Secret Keyword",
        "filename": "tests/smoke/test_user_lifecycle.py",
        "hashed_secret": "45b742fc5658d8b3949363d1486ffc8279b471b8",
        "is_verified": false,
        "line_number": 16
      },
      {
        "type": "Secret Keyword",
        "filename": "tests/smoke/test_user_lifecycle.py",
        "hashed_secret": "3ade28140d425786f6423eb5b2d874ac3d2bc057",
        "is_verified": false,
        "line_number": 67
      }
    ],
    "tests/unit/auth/test_authorize_service.py": [
      {
        "type": "Base64 High Entropy String",
        "filename": "tests/unit/auth/test_authorize_service.py",
        "hashed_secret": "c0eb1dc5057b4bc59b683c85f34d2f0545e85e46",
        "is_verified": false,
        "line_number": 12
      }
    ],
    "tests/unit/auth/test_id_token.py": [
      {
        "type": "Private Key",
        "filename": "tests/unit/auth/test_id_token.py",
        "hashed_secret": "1348b145fa1a555461c1b790a2f66614781091e9",
        "is_verified": false,
        "line_number": 14
      },
      {
        "type": "Base64 High Entropy String",
        "filename": "tests/unit/auth/test_id_token.py",
        "hashed_secret": "4d526e47c000f6e2d301188c764b6f8c27b8dee8",
        "is_verified": false,
        "line_number": 15
      },
      {
        "type": "Base64 High Entropy String",
        "filename": "tests/unit/auth/test_id_token.py",
        "hashed_secret": "caecca3879918e9ab9245eb3df1f9559bc2086ad",
        "is_verified": false,
        "line_number": 16
      },
      {
        "type": "Base64 High Entropy String",
        "filename": "tests/unit/auth/test_id_token.py",
        "hashed_secret": "b94aa43bbe660d486c142af6b93f4f17cfbfbe8b",
        "is_verified": false,
        "line_number": 17
      }
    ],
    "tests/unit/auth/test_jwks_cache.py": [
      {
        "type": "Private Key",
        "filename": "tests/unit/auth/test_jwks_cache.py",
        "hashed_secret": "1348b145fa1a555461c1b790a2f66614781091e9",
        "is_verified": false,
        "line_number": 13
      },
      {
        "type": "Base64 High Entropy String",
        "filename": "tests/unit/auth/test_jwks_cache.py",
        "hashed_secret": "4d526e47c000f6e2d301188c764b6f8c27b8dee8",
        "is_verified": false,
        "line_number": 14
      },
      {
        "type": "Base64 High Entropy String",
        "filename": "tests/unit/auth/test_jwks_cache.py",
        "hashed_secret": "caecca3879918e9ab9245eb3df1f9559bc2086ad",
        "is_verified": false,
        "line_number": 15
      },
      {
        "type": "Base64 High Entropy String",
        "filename": "tests/unit/auth/test_jwks_cache.py",
        "hashed_secret": "b94aa43bbe660d486c142af6b93f4f17cfbfbe8b",
        "is_verified": false,
        "line_number": 16
      },
      {
        "type": "Base64 High Entropy String",
        "filename": "tests/unit/auth/test_jwks_cache.py",
        "hashed_secret": "dee67f5ea3d3b2b47c2c5d5b9f025652b13ec557",
        "is_verified": false,
        "line_number": 26
      }
    ],
    "tests/unit/auth/web/test_authorize_router.py": [
      {
        "type": "Secret Keyword",
        "filename": "tests/unit/auth/web/test_authorize_router.py",
        "hashed_secret": "d4e0e04792fd434b5dc9c4155c178f66edcf4ed3",
        "is_verified": false,
        "line_number": 17
      }
    ],
    "tests/unit/auth/web/test_discovery_jwks.py": [
      {
        "type": "Private Key",
        "filename": "tests/unit/auth/web/test_discovery_jwks.py",
        "hashed_secret": "1348b145fa1a555461c1b790a2f66614781091e9",
        "is_verified": false,
        "line_number": 16
      },
      {
        "type": "Base64 High Entropy String",
        "filename": "tests/unit/auth/web/test_discovery_jwks.py",
        "hashed_secret": "4d526e47c000f6e2d301188c764b6f8c27b8dee8",
        "is_verified": false,
        "line_number": 17
      },
      {
        "type": "Base64 High Entropy String",
        "filename": "tests/unit/auth/web/test_discovery_jwks.py",
        "hashed_secret": "caecca3879918e9ab9245eb3df1f9559bc2086ad",
        "is_verified": false,
        "line_number": 18
      },
      {
        "type": "Base64 High Entropy String",
        "filename": "tests/unit/auth/web/test_discovery_jwks.py",
        "hashed_secret": "b94aa43bbe660d486c142af6b93f4f17cfbfbe8b",
        "is_verified": false,
        "line_number": 19
      }
    ],
    "tests/unit/auth/web/test_oauth_client_credentials.py": [
      {
        "type": "Secret Keyword",
        "filename": "tests/unit/auth/web/test_oauth_client_credentials.py",
        "hashed_secret": "9251c77b74cbfe6c2e1fbf5f7eeb6e14bd1ba37a",
        "is_verified": false,
        "line_number": 82
      },
      {
        "type": "Secret Keyword",
        "filename": "tests/unit/auth/web/test_oauth_client_credentials.py",
        "hashed_secret": "bee7a0aa6017e98bbfbae6b7b1dfb5c64105172b",
        "is_verified": false,
        "line_number": 135
      }
    ],
    "tests/unit/broker/test_execute_credential_name.py": [
      {
        "type": "Secret Keyword",
        "filename": "tests/unit/broker/test_execute_credential_name.py",
        "hashed_secret": "277fd76456880437641f76de1bfa6d7ef61ae861",
        "is_verified": false,
        "line_number": 54
      }
    ],
    "tests/unit/broker/test_injection.py": [
      {
        "type": "Secret Keyword",
        "filename": "tests/unit/broker/test_injection.py",
        "hashed_secret": "67f305e585d4a961a2f95fd90f00764dcc4f40d1",
        "is_verified": false,
        "line_number": 31
      },
      {
        "type": "Secret Keyword",
        "filename": "tests/unit/broker/test_injection.py",
        "hashed_secret": "1cbafcc4fe333585c13326ea59a9e4899f8e2a9b",
        "is_verified": false,
        "line_number": 47
      },
      {
        "type": "Secret Keyword",
        "filename": "tests/unit/broker/test_injection.py",
        "hashed_secret": "d46a14d2dbb410dba2256ea0a2aa26643f188a8a",
        "is_verified": false,
        "line_number": 65
      },
      {
        "type": "Secret Keyword",
        "filename": "tests/unit/broker/test_injection.py",
        "hashed_secret": "8c7744f38b499dd8e3caf26494c87ad772dcaf25",
        "is_verified": false,
        "line_number": 74
      },
      {
        "type": "Secret Keyword",
        "filename": "tests/unit/broker/test_injection.py",
        "hashed_secret": "88136b94ad02c408ab58d0d27d81460dbc879b20",
        "is_verified": false,
        "line_number": 104
      }
    ],
    "tests/unit/broker/test_resolver.py": [
      {
        "type": "Secret Keyword",
        "filename": "tests/unit/broker/test_resolver.py",
        "hashed_secret": "e04133b15878189a4e6286d663fe9cd6efae44da",
        "is_verified": false,
        "line_number": 81
      },
      {
        "type": "Secret Keyword",
        "filename": "tests/unit/broker/test_resolver.py",
        "hashed_secret": "5b4c85b89922f2b5abe04d69f4795408ec41b2a6",
        "is_verified": false,
        "line_number": 106
      },
      {
        "type": "Secret Keyword",
        "filename": "tests/unit/broker/test_resolver.py",
        "hashed_secret": "c346f766f6b424c3f23b40bfbaaa0cc07134ed6c",
        "is_verified": false,
        "line_number": 116
      }
    ],
    "tests/unit/conftest.py": [
      {
        "type": "Secret Keyword",
        "filename": "tests/unit/conftest.py",
        "hashed_secret": "d7472dd3a4f1e472d7f4eb0a499298e5accb19f0",
        "is_verified": false,
        "line_number": 22
      },
      {
        "type": "Secret Keyword",
        "filename": "tests/unit/conftest.py",
        "hashed_secret": "d2a0968431c76a9660ef306a79d423a6ce660cfd",
        "is_verified": false,
        "line_number": 31
      },
      {
        "type": "Secret Keyword",
        "filename": "tests/unit/conftest.py",
        "hashed_secret": "4d0de386277ac5885097d9975af5228613579881",
        "is_verified": false,
        "line_number": 40
      }
    ],
    "tests/unit/control/credentials/test_config_providers.py": [
      {
        "type": "Secret Keyword",
        "filename": "tests/unit/control/credentials/test_config_providers.py",
        "hashed_secret": "e5d3db477707ed7e063c4cc9f87449633c3337c4",
        "is_verified": false,
        "line_number": 64
      }
    ],
    "tests/unit/control/credentials/test_managed_create_schema.py": [
      {
        "type": "Secret Keyword",
        "filename": "tests/unit/control/credentials/test_managed_create_schema.py",
        "hashed_secret": "e5e9fa1ba31ecd1ae84f75caaa474f3a663f05f4",
        "is_verified": false,
        "line_number": 52
      },
      {
        "type": "Secret Keyword",
        "filename": "tests/unit/control/credentials/test_managed_create_schema.py",
        "hashed_secret": "7585d1f7ceb90fd0b1ab42d0a6ca39fcf55065c7",
        "is_verified": false,
        "line_number": 145
      }
    ],
    "tests/unit/control/credentials/test_state.py": [
      {
        "type": "Secret Keyword",
        "filename": "tests/unit/control/credentials/test_state.py",
        "hashed_secret": "23fa663d92d16c923edb299d8b1d4c277e3efb14",
        "is_verified": false,
        "line_number": 19
      }
    ],
    "tests/unit/control/test_toolkit_agents_schemas.py": [
      {
        "type": "Base64 High Entropy String",
        "filename": "tests/unit/control/test_toolkit_agents_schemas.py",
        "hashed_secret": "8bf7f3b691b41666f8441bcc91ec90f81a388a29",
        "is_verified": false,
        "line_number": 50
      }
    ],
    "tests/unit/test_config.py": [
      {
        "type": "Secret Keyword",
        "filename": "tests/unit/test_config.py",
        "hashed_secret": "5ffe533b830f08a0326348a9160afafc8ada44db",
        "is_verified": false,
        "line_number": 177
      }
    ],
    "tests/web/admin/conftest.py": [
      {
        "type": "Secret Keyword",
        "filename": "tests/web/admin/conftest.py",
        "hashed_secret": "a79425d5dfc9cb6e5ed85fa44bf4d63d73e6a5b8",
        "is_verified": false,
        "line_number": 31
      }
    ],
    "tests/web/admin/test_auth.py": [
      {
        "type": "Secret Keyword",
        "filename": "tests/web/admin/test_auth.py",
        "hashed_secret": "6809ffccad03b80fa1fbc32c17e7e054805ec30b",
        "is_verified": false,
        "line_number": 42
      },
      {
        "type": "Secret Keyword",
        "filename": "tests/web/admin/test_auth.py",
        "hashed_secret": "c5fe0200d1c7a5139bd18fd22268c4ca8bf45e90",
        "is_verified": false,
        "line_number": 50
      },
      {
        "type": "Secret Keyword",
        "filename": "tests/web/admin/test_auth.py",
        "hashed_secret": "cd7f997f39facde689902d239ee22fcc73aa489a",
        "is_verified": false,
        "line_number": 71
      },
      {
        "type": "Secret Keyword",
        "filename": "tests/web/admin/test_auth.py",
        "hashed_secret": "a4b48a81cdab1e1a5dd37907d6c85ca1c61ddc7c",
        "is_verified": false,
        "line_number": 97
      },
      {
        "type": "Secret Keyword",
        "filename": "tests/web/admin/test_auth.py",
        "hashed_secret": "a0f4ea7d91495df92bbac2e2149dfb850fe81396",
        "is_verified": false,
        "line_number": 106
      },
      {
        "type": "Secret Keyword",
        "filename": "tests/web/admin/test_auth.py",
        "hashed_secret": "9703ab8d7154e7f459ef0ee50d99f5aaf357bb44",
        "is_verified": false,
        "line_number": 115
      }
    ],
    "tests/web/conftest.py": [
      {
        "type": "Secret Keyword",
        "filename": "tests/web/conftest.py",
        "hashed_secret": "f4bc54cbb2c9169457a70771dcdcf8e75aa816a9",
        "is_verified": false,
        "line_number": 66
      },
      {
        "type": "Secret Keyword",
        "filename": "tests/web/conftest.py",
        "hashed_secret": "99075eb0baa8cfda1cae029da06b57b93cc13a31",
        "is_verified": false,
        "line_number": 75
      },
      {
        "type": "Secret Keyword",
        "filename": "tests/web/conftest.py",
        "hashed_secret": "ffdbf67b6ec4759c53887c56108efe2ebe67b7bd",
        "is_verified": false,
        "line_number": 84
      }
    ],
    "ui/public/mockServiceWorker.js": [
      {
        "type": "Hex High Entropy String",
        "filename": "ui/public/mockServiceWorker.js",
        "hashed_secret": "992fb17b2709e520bb55b00bf985b02964b806cf",
        "is_verified": false,
        "line_number": 11
      }
    ],
    "ui/src/modules/credentials/README.md": [
      {
        "type": "Secret Keyword",
        "filename": "ui/src/modules/credentials/README.md",
        "hashed_secret": "4e24724b49682eef4c869c08af2ba473f3b6f839",
        "is_verified": false,
        "line_number": 76
      }
    ],
    "ui/src/modules/credentials/__tests__/formBody.test.ts": [
      {
        "type": "Secret Keyword",
        "filename": "ui/src/modules/credentials/__tests__/formBody.test.ts",
        "hashed_secret": "e5e9fa1ba31ecd1ae84f75caaa474f3a663f05f4",
        "is_verified": false,
        "line_number": 52
      }
    ],
    "ui/src/modules/credentials/api/types.ts": [
      {
        "type": "Secret Keyword",
        "filename": "ui/src/modules/credentials/api/types.ts",
        "hashed_secret": "cf678cab87dc1f7d1b95b964f15375e088461679",
        "is_verified": false,
        "line_number": 88
      },
      {
        "type": "Secret Keyword",
        "filename": "ui/src/modules/credentials/api/types.ts",
        "hashed_secret": "a84142d666a75de9e6315889e86c2722adef88bc",
        "is_verified": false,
        "line_number": 96
      }
    ],
    "ui/src/modules/credentials/components/CredentialTypeBadge.tsx": [
      {
        "type": "Secret Keyword",
        "filename": "ui/src/modules/credentials/components/CredentialTypeBadge.tsx",
        "hashed_secret": "53a5687cb26dc41f2ab4033e97e13adefd3740d6",
        "is_verified": false,
        "line_number": 6
      }
    ],
    "ui/src/modules/credentials/lib/formBody.ts": [
      {
        "type": "Secret Keyword",
        "filename": "ui/src/modules/credentials/lib/formBody.ts",
        "hashed_secret": "99234bc23431a0935499b2ff12e249fbde4bfa08",
        "is_verified": false,
        "line_number": 193
      },
      {
        "type": "Secret Keyword",
        "filename": "ui/src/modules/credentials/lib/formBody.ts",
        "hashed_secret": "80792cd49faef85e000402528add5458c97b6b02",
        "is_verified": false,
        "line_number": 197
      }
    ],
    "ui/src/modules/credentials/lib/schemes.ts": [
      {
        "type": "Secret Keyword",
        "filename": "ui/src/modules/credentials/lib/schemes.ts",
        "hashed_secret": "47acd2028cf81b5da88ddeedb2aea4eca4b71fbd",
        "is_verified": false,
        "line_number": 44
      },
      {
        "type": "Secret Keyword",
        "filename": "ui/src/modules/credentials/lib/schemes.ts",
        "hashed_secret": "9d4621a1cf96ec20a1e9dc59b21e9a8e3359c32d",
        "is_verified": false,
        "line_number": 141
      },
      {
        "type": "Secret Keyword",
        "filename": "ui/src/modules/credentials/lib/schemes.ts",
        "hashed_secret": "5baa61e4c9b93f3f0682250b6cf8331b7ee68fd8",
        "is_verified": false,
        "line_number": 148
      }
    ],
    "ui/src/modules/toolkits/api/types.ts": [
      {
        "type": "Secret Keyword",
        "filename": "ui/src/modules/toolkits/api/types.ts",
        "hashed_secret": "cf678cab87dc1f7d1b95b964f15375e088461679",
        "is_verified": false,
        "line_number": 73
      }
    ],
    "ui/src/modules/toolkits/mocks/handlers.ts": [
      {
        "type": "Secret Keyword",
        "filename": "ui/src/modules/toolkits/mocks/handlers.ts",
        "hashed_secret": "c549d02cfde9464385223ed238d6f38947430d75",
        "is_verified": false,
        "line_number": 149
      },
      {
        "type": "Secret Keyword",
        "filename": "ui/src/modules/toolkits/mocks/handlers.ts",
        "hashed_secret": "c34820c37dd8dfb1b6e3ef065c44a1bbf9949e4f",
        "is_verified": false,
        "line_number": 203
      }
    ],
    "ui/src/shared/api/generated/models/CredentialType.ts": [
      {
        "type": "Secret Keyword",
        "filename": "ui/src/shared/api/generated/models/CredentialType.ts",
        "hashed_secret": "665b1e3851eefefa3fb878654292f16597d25155",
        "is_verified": false,
        "line_number": 10
      }
    ]
  },
  "generated_at": "2026-07-10T10:58:53Z"
}
